// Jest Snapshot v1, https://goo.gl/fbAQLP

exports[`测试js版本todoItem 可以正常渲染 1`] = `
<li
  className="todo-item"
  onClick={[Function]}
>
  <input
    checked={false}
    readOnly={true}
    type="checkbox"
  />
  first todo
  <a
    className="btn-remove"
    href="javascript:;"
    onClick={[Function]}
  >
    X
  </a>
</li>
`;
