// Jest Snapshot v1, https://goo.gl/fbAQLP

exports[`测试ts todo item 快照 1`] = `
<li
  className="todo-item"
  onClick={[Function]}
>
  <input
    checked={false}
    type="checkbox"
  />
  first todo
  <a
    className="btn-remove"
    href="javascript:;"
    onClick={[Function]}
  >
    xxx
  </a>
</li>
`;
